POST /v2/Services/****************/Channels/CH6442c09c93ba4d13966fa42e9b78f620/Messages HTTP/1.1
Host: chat.twilio.com
User-Agent: Go-http-client/1.1
Content-Length: 115
Authorization: Basic QUM4MWQ0NDMxNWUxOTM3MjEzOGJkYWZmY2MxM2NmM2I5NDp0b2tlbg==
Content-Type: application/x-www-form-urlencoded
Accept-Encoding: gzip

Body=It%27s+urgent&ChannelSid=CH6442c09c93ba4d13966fa42e9b78f620&From=10000&Index=0&Media=map%5B%5D&WasEdited=false