POST /v1/external/msgs/ HTTP/1.1
Host: chats-engine.dev.cloud.weni.ai
User-Agent: Go-http-client/1.1
Content-Length: 144
Authorization: Bearer ****************
Content-Type: application/json
Accept-Encoding: gzip

{"room":"8ecb1e4a-b457-4645-a161-e2b02ddffa88","text":"It's urgent","created_on":"0001-01-01T00:00:00Z","direction":"incoming","attachments":[]}